

HI-TECH Software PIC LITE Macro Assembler V9.80 build 6738 
                                                                                               Mon Dec 21 22:39:22 2015

HI-TECH Software Omniscient Code Generator (Lite mode) build 6738
     1  0000                     opt subtitle "HI-TECH Software Omniscient Code Generator (Lite mode) build 6738"
     2                           
     3                           opt pagewidth 120
     4                           
     5                           	opt lm
     6                           
     7                           	processor	16F877A
     8                           clrc	macro
     9                           	bcf	3,0
    10  0000                     	endm
    11                           clrz	macro
    12                           	bcf	3,2
    13  0000                     	endm
    14                           setc	macro
    15                           	bsf	3,0
    16  0000                     	endm
    17                           setz	macro
    18                           	bsf	3,2
    19  0000                     	endm
    20                           skipc	macro
    21                           	btfss	3,0
    22  0000                     	endm
    23                           skipz	macro
    24                           	btfss	3,2
    25  0000                     	endm
    26                           skipnc	macro
    27                           	btfsc	3,0
    28  0000                     	endm
    29                           skipnz	macro
    30                           	btfsc	3,2
    31  0000                     	endm
    32  0000                     indf	equ	0
    33  0000                     indf0	equ	0
    34  0002                     pc	equ	2
    35  0002                     pcl	equ	2
    36  0003                     status	equ	3
    37  0004                     fsr	equ	4
    38  0004                     fsr0	equ	4
    39  0001                     c	equ	1
    40  0000                     z	equ	0
    41  000A                     pclath	equ	10
    42                           	FNCALL	_main,_delay
    43                           	FNROOT	_main
    44                           	global	_seg
    45                           psect	idataCOMMON,class=CODE,space=0,delta=2
    46                           global __pidataCOMMON
    47  074E                     __pidataCOMMON:
    48                           	file	"C:\Users\blackrider\Desktop\PIC course\7segment\seven seg common cathode.c"
    49                           	line	6
    50                           
    51                           ;initializer for _seg
    52  074E  343F               	retlw	03Fh
    53  074F  3406               	retlw	06h
    54  0750  345B               	retlw	05Bh
    55  0751  344F               	retlw	04Fh
    56  0752  3466               	retlw	066h
    57  0753  346D               	retlw	06Dh
    58  0754  347D               	retlw	07Dh
    59  0755  3407               	retlw	07h
    60  0756  347F               	retlw	07Fh
    61  0757  346F               	retlw	06Fh
    62                           	global	_PORTD
    63  0008                     _PORTD	set	8
    64                           	global	_TRISD
    65  0088                     _TRISD	set	136
    66                           	file	"seven segment.as"
    67                           	line	#
    68                           psect cinit,class=CODE,delta=2
    69                           global start_initialization
    70  077D                     start_initialization:
    71                           
    72                           psect	dataCOMMON,class=COMMON,space=1
    73                           global __pdataCOMMON
    74  0070                     __pdataCOMMON:
    75                           	file	"C:\Users\blackrider\Desktop\PIC course\7segment\seven seg common cathode.c"
    76  0070                     _seg:
    77  0070                            ds      10
    78                           
    79                           global btemp
    80                           psect inittext,class=CODE,delta=2
    81                           global init_fetch,btemp
    82                           ;	Called with low address in FSR and high address in W
    83  0758                     init_fetch:
    84  0758  087E               	movf btemp,w
    85  0759  008A               	movwf pclath
    86  075A  087F               	movf btemp+1,w
    87  075B  0082               	movwf pc
    88                           global init_ram
    89                           ;Called with:
    90                           ;	high address of idata address in btemp 
    91                           ;	low address of idata address in btemp+1 
    92                           ;	low address of data in FSR
    93                           ;	high address + 1 of data in btemp-1
    94  075C                     init_ram:
    95  075C  2758  120A  118A   	fcall init_fetch
    96  075F  0080               	movwf indf,f
    97  0760  0A84               	incf fsr,f
    98  0761  0804               	movf fsr,w
    99  0762  067D               	xorwf btemp-1,w
   100  0763  1903               	btfsc status,2
   101  0764  3400               	retlw 0
   102  0765  0AFF               	incf btemp+1,f
   103  0766  1903               	btfsc status,2
   104  0767  0AFE               	incf btemp,f
   105  0768  2F5C               	goto init_ram
   106                           ; Initialize objects allocated to COMMON
   107                           	global __pidataCOMMON
   108                           psect cinit,class=CODE,delta=2
   109  077D  120A  118A  274E   	fcall	__pidataCOMMON+0		;fetch initializer
              120A  118A         
   110  0782  00F0               	movwf	__pdataCOMMON+0&07fh		
   111  0783  120A  118A  274F   	fcall	__pidataCOMMON+1		;fetch initializer
              120A  118A         
   112  0788  00F1               	movwf	__pdataCOMMON+1&07fh		
   113  0789  120A  118A  2750   	fcall	__pidataCOMMON+2		;fetch initializer
              120A  118A         
   114  078E  00F2               	movwf	__pdataCOMMON+2&07fh		
   115  078F  120A  118A  2751   	fcall	__pidataCOMMON+3		;fetch initializer
              120A  118A         
   116  0794  00F3               	movwf	__pdataCOMMON+3&07fh		
   117  0795  120A  118A  2752   	fcall	__pidataCOMMON+4		;fetch initializer
              120A  118A         
   118  079A  00F4               	movwf	__pdataCOMMON+4&07fh		
   119  079B  120A  118A  2753   	fcall	__pidataCOMMON+5		;fetch initializer
              120A  118A         
   120  07A0  00F5               	movwf	__pdataCOMMON+5&07fh		
   121  07A1  120A  118A  2754   	fcall	__pidataCOMMON+6		;fetch initializer
              120A  118A         
   122  07A6  00F6               	movwf	__pdataCOMMON+6&07fh		
   123  07A7  120A  118A  2755   	fcall	__pidataCOMMON+7		;fetch initializer
              120A  118A         
   124  07AC  00F7               	movwf	__pdataCOMMON+7&07fh		
   125  07AD  120A  118A  2756   	fcall	__pidataCOMMON+8		;fetch initializer
              120A  118A         
   126  07B2  00F8               	movwf	__pdataCOMMON+8&07fh		
   127  07B3  120A  118A  2757   	fcall	__pidataCOMMON+9		;fetch initializer
              120A  118A         
   128  07B8  00F9               	movwf	__pdataCOMMON+9&07fh		
   129                           psect cinit,class=CODE,delta=2
   130                           global end_of_initialization
   131                           
   132                           ;End of C runtime variable initialization code
   133                           
   134  07B9                     end_of_initialization:
   135  07B9  0183               clrf status
   136  07BA  120A  118A  2FBD   ljmp _main	;jump to C main() function
   137                           psect	cstackCOMMON,class=COMMON,space=1
   138                           global __pcstackCOMMON
   139  007A                     __pcstackCOMMON:
   140                           	global	?_delay
   141  007A                     ?_delay:	; 0 bytes @ 0x0
   142                           	global	?_main
   143  007A                     ?_main:	; 0 bytes @ 0x0
   144                           	global	delay@a
   145  007A                     delay@a:	; 2 bytes @ 0x0
   146  007A                     	ds	2
   147                           	global	??_delay
   148  007C                     ??_delay:	; 0 bytes @ 0x2
   149                           	global	??_main
   150  007C                     ??_main:	; 0 bytes @ 0x2
   151                           	global	main@i
   152  007C                     main@i:	; 2 bytes @ 0x2
   153  007C                     	ds	2
   154 ;;Data sizes: Strings 0, constant 0, data 10, bss 0, persistent 0 stack 0
   155 ;;Auto spaces:   Size  Autos    Used
   156 ;; COMMON          14      4      14
   157 ;; BANK0           80      0       0
   158 ;; BANK1           80      0       0
   159 ;; BANK3           96      0       0
   160 ;; BANK2           96      0       0
   161                           
   162 ;;
   163 ;; Pointer list with targets:
   164                           
   165                           
   166                           
   167 ;;
   168 ;; Critical Paths under _main in COMMON
   169 ;;
   170 ;;   _main->_delay
   171 ;;
   172 ;; Critical Paths under _main in BANK0
   173 ;;
   174 ;;   None.
   175 ;;
   176 ;; Critical Paths under _main in BANK1
   177 ;;
   178 ;;   None.
   179 ;;
   180 ;; Critical Paths under _main in BANK3
   181 ;;
   182 ;;   None.
   183 ;;
   184 ;; Critical Paths under _main in BANK2
   185 ;;
   186 ;;   None.
   187                           
   188 ;;
   189 ;;Main: autosize = 0, tempsize = 0, incstack = 0, save=0
   190 ;;
   191                           
   192 ;;
   193 ;;Call Graph Tables:
   194 ;;
   195 ;; ---------------------------------------------------------------------------------
   196 ;; (Depth) Function   	        Calls       Base Space   Used Autos Params    Refs
   197 ;; ---------------------------------------------------------------------------------
   198 ;; (0) _main                                                 2     2      0      60
   199 ;;                                              2 COMMON     2     2      0
   200 ;;                              _delay
   201 ;; ---------------------------------------------------------------------------------
   202 ;; (1) _delay                                                2     0      2      15
   203 ;;                                              0 COMMON     2     0      2
   204 ;; ---------------------------------------------------------------------------------
   205 ;; Estimated maximum stack depth 1
   206 ;; ---------------------------------------------------------------------------------
   207                           
   208 ;; Call Graph Graphs:
   209                           
   210 ;; _main (ROOT)
   211 ;;   _delay
   212 ;;
   213                           
   214 ;; Address spaces:
   215                           
   216 ;;Name               Size   Autos  Total    Cost      Usage
   217 ;;BANK3               60      0       0       9        0.0%
   218 ;;BITBANK3            60      0       0       8        0.0%
   219 ;;SFR3                 0      0       0       4        0.0%
   220 ;;BITSFR3              0      0       0       4        0.0%
   221 ;;BANK2               60      0       0      11        0.0%
   222 ;;BITBANK2            60      0       0      10        0.0%
   223 ;;SFR2                 0      0       0       5        0.0%
   224 ;;BITSFR2              0      0       0       5        0.0%
   225 ;;SFR1                 0      0       0       2        0.0%
   226 ;;BITSFR1              0      0       0       2        0.0%
   227 ;;BANK1               50      0       0       7        0.0%
   228 ;;BITBANK1            50      0       0       6        0.0%
   229 ;;CODE                 0      0       0       0        0.0%
   230 ;;DATA                 0      0       F      12        0.0%
   231 ;;ABS                  0      0       E       3        0.0%
   232 ;;NULL                 0      0       0       0        0.0%
   233 ;;STACK                0      0       1       2        0.0%
   234 ;;BANK0               50      0       0       5        0.0%
   235 ;;BITBANK0            50      0       0       4        0.0%
   236 ;;SFR0                 0      0       0       1        0.0%
   237 ;;BITSFR0              0      0       0       1        0.0%
   238 ;;COMMON               E      4       E       1      100.0%
   239 ;;BITCOMMON            E      0       0       0        0.0%
   240 ;;EEDATA             100      0       0       0        0.0%
   241                           
   242                           	global	_main
   243                           psect	maintext,global,class=CODE,delta=2
   244                           global __pmaintext
   245  07BD                     __pmaintext:
   246                           
   247 ;; *************** function _main *****************
   248 ;; Defined at:
   249 ;;		line 8 in file "C:\Users\blackrider\Desktop\PIC course\7segment\seven seg common cathode.c"
   250 ;; Parameters:    Size  Location     Type
   251 ;;		None
   252 ;; Auto vars:     Size  Location     Type
   253 ;;  i               2    2[COMMON] int 
   254 ;; Return value:  Size  Location     Type
   255 ;;		None               void
   256 ;; Registers used:
   257 ;;		wreg, fsr0l, fsr0h, status,2, status,0, btemp+1, pclath, cstack
   258 ;; Tracked objects:
   259 ;;		On entry : 17F/0
   260 ;;		On exit  : 0/0
   261 ;;		Unchanged: 0/0
   262 ;; Data sizes:     COMMON   BANK0   BANK1   BANK3   BANK2
   263 ;;      Params:         0       0       0       0       0
   264 ;;      Locals:         2       0       0       0       0
   265 ;;      Temps:          0       0       0       0       0
   266 ;;      Totals:         2       0       0       0       0
   267 ;;Total ram usage:        2 bytes
   268 ;; Hardware stack levels required when called:    1
   269 ;; This function calls:
   270 ;;		_delay
   271 ;; This function is called by:
   272 ;;		Startup code after reset
   273 ;; This function uses a non-reentrant model
   274 ;;
   275                           psect	maintext
   276                           	file	"C:\Users\blackrider\Desktop\PIC course\7segment\seven seg common cathode.c"
   277                           	line	8
   278                           	global	__size_of_main
   279  0043                     	__size_of_main	equ	__end_of_main-_main
   280                           	
   281  07BD                     _main:	
   282                           	opt	stack 7
   283                           ; Regs used in _main: [wreg-fsr0h+status,2+status,0+btemp+1+pclath+cstack]
   284                           	line	9
   285                           	
   286  07BD                     l1731:	
   287                           ;seven seg common cathode.c: 9: TRISD=0x00;
   288  07BD  1683               	bsf	status, 5	;RP0=1, select bank1
   289  07BE  1303               	bcf	status, 6	;RP1=0, select bank1
   290  07BF  0188               	clrf	(136)^080h	;volatile
   291                           	line	10
   292                           ;seven seg common cathode.c: 10: PORTD=0x00;
   293  07C0  1283               	bcf	status, 5	;RP0=0, select bank0
   294  07C1  1303               	bcf	status, 6	;RP1=0, select bank0
   295  07C2  0188               	clrf	(8)	;volatile
   296  07C3  2FC4               	goto	l1733
   297                           	line	12
   298                           ;seven seg common cathode.c: 12: while(1)
   299                           	
   300  07C4                     l567:	
   301                           	line	14
   302                           	
   303  07C4                     l1733:	
   304                           ;seven seg common cathode.c: 13: {
   305                           ;seven seg common cathode.c: 14: for(int i=0;i<10;i++)
   306  07C4  3000               	movlw	low(0)
   307  07C5  00FC               	movwf	(main@i)
   308  07C6  3000               	movlw	high(0)
   309  07C7  00FD               	movwf	((main@i))+1
   310                           	
   311  07C8                     l1735:	
   312  07C8  087D               	movf	(main@i+1),w
   313  07C9  3A80               	xorlw	80h
   314  07CA  00FF               	movwf	btemp+1
   315  07CB  3080               	movlw	(high(0Ah))^80h
   316  07CC  027F               	subwf	btemp+1,w
   317  07CD  1D03               	skipz
   318  07CE  2FD1               	goto	u2155
   319  07CF  300A               	movlw	low(0Ah)
   320  07D0  027C               	subwf	(main@i),w
   321  07D1                     u2155:
   322                           
   323  07D1  1C03               	skipc
   324  07D2  2FD4               	goto	u2151
   325  07D3  2FD5               	goto	u2150
   326  07D4                     u2151:
   327  07D4  2FD7               	goto	l1739
   328  07D5                     u2150:
   329  07D5  2FC4               	goto	l1733
   330                           	
   331  07D6                     l1737:	
   332  07D6  2FC4               	goto	l1733
   333                           	line	15
   334                           	
   335  07D7                     l568:	
   336                           	line	16
   337                           	
   338  07D7                     l1739:	
   339                           ;seven seg common cathode.c: 15: {
   340                           ;seven seg common cathode.c: 16: PORTD=seg[i];
   341  07D7  087C               	movf	(main@i),w
   342  07D8  3E70               	addlw	_seg&0ffh
   343  07D9  0084               	movwf	fsr0
   344  07DA  0800               	movf	indf,w
   345  07DB  1283               	bcf	status, 5	;RP0=0, select bank0
   346  07DC  1303               	bcf	status, 6	;RP1=0, select bank0
   347  07DD  0088               	movwf	(8)	;volatile
   348                           	line	17
   349                           	
   350  07DE                     l1741:	
   351                           ;seven seg common cathode.c: 17: delay(30000);
   352  07DE  3030               	movlw	low(07530h)
   353  07DF  00FA               	movwf	(?_delay)
   354  07E0  3075               	movlw	high(07530h)
   355  07E1  00FB               	movwf	((?_delay))+1
   356  07E2  120A  118A  2769   	fcall	_delay
              120A  118A         
   357                           	line	14
   358                           	
   359  07E7                     l1743:	
   360  07E7  3001               	movlw	low(01h)
   361  07E8  07FC               	addwf	(main@i),f
   362  07E9  1803               	skipnc
   363  07EA  0AFD               	incf	(main@i+1),f
   364  07EB  3000               	movlw	high(01h)
   365  07EC  07FD               	addwf	(main@i+1),f
   366                           	
   367  07ED                     l1745:	
   368  07ED  087D               	movf	(main@i+1),w
   369  07EE  3A80               	xorlw	80h
   370  07EF  00FF               	movwf	btemp+1
   371  07F0  3080               	movlw	(high(0Ah))^80h
   372  07F1  027F               	subwf	btemp+1,w
   373  07F2  1D03               	skipz
   374  07F3  2FF6               	goto	u2165
   375  07F4  300A               	movlw	low(0Ah)
   376  07F5  027C               	subwf	(main@i),w
   377  07F6                     u2165:
   378                           
   379  07F6  1C03               	skipc
   380  07F7  2FF9               	goto	u2161
   381  07F8  2FFA               	goto	u2160
   382  07F9                     u2161:
   383  07F9  2FD7               	goto	l1739
   384  07FA                     u2160:
   385  07FA  2FC4               	goto	l1733
   386                           	
   387  07FB                     l569:	
   388  07FB  2FC4               	goto	l1733
   389                           	line	19
   390                           	
   391  07FC                     l570:	
   392                           	line	12
   393  07FC  2FC4               	goto	l1733
   394                           	
   395  07FD                     l571:	
   396                           	line	20
   397                           	
   398  07FD                     l572:	
   399                           	global	start
   400  07FD  120A  118A  2800   	ljmp	start
   401                           	opt stack 0
   402                           GLOBAL	__end_of_main
   403  0800                     	__end_of_main:
   404 ;; =============== function _main ends ============
   405                           
   406                           	signat	_main,88
   407                           	global	_delay
   408                           psect	text55,local,class=CODE,delta=2
   409                           global __ptext55
   410  0769                     __ptext55:
   411                           
   412 ;; *************** function _delay *****************
   413 ;; Defined at:
   414 ;;		line 3 in file "C:\Users\blackrider\Desktop\PIC course\7segment\seven seg common cathode.c"
   415 ;; Parameters:    Size  Location     Type
   416 ;;  a               2    0[COMMON] unsigned int 
   417 ;; Auto vars:     Size  Location     Type
   418 ;;		None
   419 ;; Return value:  Size  Location     Type
   420 ;;		None               void
   421 ;; Registers used:
   422 ;;		wreg
   423 ;; Tracked objects:
   424 ;;		On entry : 0/0
   425 ;;		On exit  : 0/0
   426 ;;		Unchanged: 0/0
   427 ;; Data sizes:     COMMON   BANK0   BANK1   BANK3   BANK2
   428 ;;      Params:         2       0       0       0       0
   429 ;;      Locals:         0       0       0       0       0
   430 ;;      Temps:          0       0       0       0       0
   431 ;;      Totals:         2       0       0       0       0
   432 ;;Total ram usage:        2 bytes
   433 ;; Hardware stack levels used:    1
   434 ;; This function calls:
   435 ;;		Nothing
   436 ;; This function is called by:
   437 ;;		_main
   438 ;; This function uses a non-reentrant model
   439 ;;
   440                           psect	text55
   441                           	file	"C:\Users\blackrider\Desktop\PIC course\7segment\seven seg common cathode.c"
   442                           	line	3
   443                           	global	__size_of_delay
   444  0014                     	__size_of_delay	equ	__end_of_delay-_delay
   445                           	
   446  0769                     _delay:	
   447                           	opt	stack 7
   448                           ; Regs used in _delay: [wreg]
   449                           	line	4
   450                           	
   451  0769                     l941:	
   452                           ;seven seg common cathode.c: 4: while(a--);
   453  0769  2F6B               	goto	l943
   454                           	
   455  076A                     l562:	
   456  076A  2F6B               	goto	l943
   457                           	
   458  076B                     l561:	
   459                           	
   460  076B                     l943:	
   461  076B  3001               	movlw	low(01h)
   462  076C  02FA               	subwf	(delay@a),f
   463  076D  3000               	movlw	high(01h)
   464  076E  1C03               	skipc
   465  076F  03FB               	decf	(delay@a+1),f
   466  0770  02FB               	subwf	(delay@a+1),f
   467  0771  30FF               	movlw	high(0FFFFh)
   468  0772  067B               	xorwf	((delay@a+1)),w
   469  0773  1D03               	skipz
   470  0774  2F77               	goto	u15
   471  0775  30FF               	movlw	low(0FFFFh)
   472  0776  067A               	xorwf	((delay@a)),w
   473  0777                     u15:
   474                           
   475  0777  1D03               	skipz
   476  0778  2F7A               	goto	u11
   477  0779  2F7B               	goto	u10
   478  077A                     u11:
   479  077A  2F6B               	goto	l943
   480  077B                     u10:
   481  077B  2F7C               	goto	l564
   482                           	
   483  077C                     l563:	
   484                           	line	5
   485                           	
   486  077C                     l564:	
   487  077C  0008               	return
   488                           	opt stack 0
   489                           GLOBAL	__end_of_delay
   490  077D                     	__end_of_delay:
   491 ;; =============== function _delay ends ============
   492                           
   493                           	signat	_delay,4216
   494                           psect	text56,local,class=CODE,delta=2
   495                           global __ptext56
   496  0000                     __ptext56:
   497                           	global	btemp
   498  007E                     	btemp set 07Eh
   499                           
   500                           	DABS	1,126,2	;btemp
   501                           	global	wtemp0
   502  007E                     	wtemp0 set btemp


HI-TECH Software PICC Macro Assembler V9.80 build 6738 
Symbol Table                                                                                   Mon Dec 21 22:39:22 2015

                   pc 0002                    u10 077B                    u11 077A                    u15 0777  
                  fsr 0004                   l561 076B                   l562 076A                   l570 07FC  
                 l563 077C                   l571 07FD                   l564 077C                   l572 07FD  
                 l567 07C4                   l568 07D7                   l569 07FB                   l941 0769  
                 l943 076B                   _seg 0070                   fsr0 0004                   indf 0000  
                l1731 07BD                  l1741 07DE                  l1733 07C4                  l1743 07E7  
                l1735 07C8                  l1745 07ED                  l1737 07D6                  l1739 07D7  
                u2150 07D5                  u2151 07D4                  u2160 07FA                  u2161 07F9  
                u2155 07D1                  u2165 07F6                  _main 07BD                  btemp 007E  
                start 0000                 ?_main 007A                 _PORTD 0008                 _TRISD 0088  
               _delay 0769                 main@i 007C                 pclath 000A                 status 0003  
               wtemp0 007E          __end_of_main 0800                ??_main 007C                ?_delay 007A  
              delay@a 007A          __pdataCOMMON 0070        __pcstackCOMMON 007A         __end_of_delay 077D  
             ??_delay 007C            __pmaintext 07BD  end_of_initialization 07B9               init_ram 075C  
       __pidataCOMMON 074E   start_initialization 077D        __size_of_delay 0014             init_fetch 0758  
            __ptext55 0769              __ptext56 0000         __size_of_main 0043  
