

HI-TECH Software PIC LITE Macro Assembler V9.80 build 6738 
                                                                                               Mon Dec 21 02:44:40 2015

HI-TECH Software Omniscient Code Generator (Lite mode) build 6738
     1  0000                     opt subtitle "HI-TECH Software Omniscient Code Generator (Lite mode) build 6738"
     2                           
     3                           opt pagewidth 120
     4                           
     5                           	opt lm
     6                           
     7                           	processor	16F877A
     8                           clrc	macro
     9                           	bcf	3,0
    10  0000                     	endm
    11                           clrz	macro
    12                           	bcf	3,2
    13  0000                     	endm
    14                           setc	macro
    15                           	bsf	3,0
    16  0000                     	endm
    17                           setz	macro
    18                           	bsf	3,2
    19  0000                     	endm
    20                           skipc	macro
    21                           	btfss	3,0
    22  0000                     	endm
    23                           skipz	macro
    24                           	btfss	3,2
    25  0000                     	endm
    26                           skipnc	macro
    27                           	btfsc	3,0
    28  0000                     	endm
    29                           skipnz	macro
    30                           	btfsc	3,2
    31  0000                     	endm
    32  0000                     indf	equ	0
    33  0000                     indf0	equ	0
    34  0002                     pc	equ	2
    35  0002                     pcl	equ	2
    36  0003                     status	equ	3
    37  0004                     fsr	equ	4
    38  0004                     fsr0	equ	4
    39  0001                     c	equ	1
    40  0000                     z	equ	0
    41  000A                     pclath	equ	10
    42                           	FNROOT	_main
    43                           	global	_RB0
    44                           psect	maintext,global,class=CODE,delta=2
    45                           global __pmaintext
    46  07ED                     __pmaintext:
    47  0030                     _RB0	set	48
    48                           	global	_RB7
    49  0037                     _RB7	set	55
    50                           	global	_TRISB
    51  0086                     _TRISB	set	134
    52                           	file	"switch.as"
    53                           	line	#
    54                           psect cinit,class=CODE,delta=2
    55                           global start_initialization
    56  07E9                     start_initialization:
    57                           
    58                           psect cinit,class=CODE,delta=2
    59                           global end_of_initialization
    60                           
    61                           ;End of C runtime variable initialization code
    62                           
    63  07E9                     end_of_initialization:
    64  07E9  0183               clrf status
    65  07EA  120A  118A  2FED   ljmp _main	;jump to C main() function
    66                           psect	cstackCOMMON,class=COMMON,space=1
    67                           global __pcstackCOMMON
    68  0000                     __pcstackCOMMON:
    69                           	global	?_main
    70  0000                     ?_main:	; 0 bytes @ 0x0
    71                           	global	??_main
    72  0000                     ??_main:	; 0 bytes @ 0x0
    73 ;;Data sizes: Strings 0, constant 0, data 0, bss 0, persistent 0 stack 0
    74 ;;Auto spaces:   Size  Autos    Used
    75 ;; COMMON          14      0       0
    76 ;; BANK0           80      0       0
    77 ;; BANK1           80      0       0
    78 ;; BANK3           96      0       0
    79 ;; BANK2           96      0       0
    80                           
    81 ;;
    82 ;; Pointer list with targets:
    83                           
    84                           
    85                           
    86 ;;
    87 ;; Critical Paths under _main in COMMON
    88 ;;
    89 ;;   None.
    90 ;;
    91 ;; Critical Paths under _main in BANK0
    92 ;;
    93 ;;   None.
    94 ;;
    95 ;; Critical Paths under _main in BANK1
    96 ;;
    97 ;;   None.
    98 ;;
    99 ;; Critical Paths under _main in BANK3
   100 ;;
   101 ;;   None.
   102 ;;
   103 ;; Critical Paths under _main in BANK2
   104 ;;
   105 ;;   None.
   106                           
   107 ;;
   108 ;;Main: autosize = 0, tempsize = 0, incstack = 0, save=0
   109 ;;
   110                           
   111 ;;
   112 ;;Call Graph Tables:
   113 ;;
   114 ;; ---------------------------------------------------------------------------------
   115 ;; (Depth) Function   	        Calls       Base Space   Used Autos Params    Refs
   116 ;; ---------------------------------------------------------------------------------
   117 ;; (0) _main                                                 0     0      0       0
   118 ;; ---------------------------------------------------------------------------------
   119 ;; Estimated maximum stack depth 0
   120 ;; ---------------------------------------------------------------------------------
   121                           
   122 ;; Call Graph Graphs:
   123                           
   124 ;; _main (ROOT)
   125 ;;
   126                           
   127 ;; Address spaces:
   128                           
   129 ;;Name               Size   Autos  Total    Cost      Usage
   130 ;;BITCOMMON            E      0       0       0        0.0%
   131 ;;EEDATA             100      0       0       0        0.0%
   132 ;;NULL                 0      0       0       0        0.0%
   133 ;;CODE                 0      0       0       0        0.0%
   134 ;;COMMON               E      0       0       1        0.0%
   135 ;;BITSFR0              0      0       0       1        0.0%
   136 ;;SFR0                 0      0       0       1        0.0%
   137 ;;BITSFR1              0      0       0       2        0.0%
   138 ;;SFR1                 0      0       0       2        0.0%
   139 ;;STACK                0      0       0       2        0.0%
   140 ;;ABS                  0      0       0       3        0.0%
   141 ;;BITBANK0            50      0       0       4        0.0%
   142 ;;BITSFR3              0      0       0       4        0.0%
   143 ;;SFR3                 0      0       0       4        0.0%
   144 ;;BANK0               50      0       0       5        0.0%
   145 ;;BITSFR2              0      0       0       5        0.0%
   146 ;;SFR2                 0      0       0       5        0.0%
   147 ;;BITBANK1            50      0       0       6        0.0%
   148 ;;BANK1               50      0       0       7        0.0%
   149 ;;BITBANK3            60      0       0       8        0.0%
   150 ;;BANK3               60      0       0       9        0.0%
   151 ;;BITBANK2            60      0       0      10        0.0%
   152 ;;BANK2               60      0       0      11        0.0%
   153 ;;DATA                 0      0       0      12        0.0%
   154                           
   155                           	global	_main
   156                           psect	maintext
   157                           
   158 ;; *************** function _main *****************
   159 ;; Defined at:
   160 ;;		line 3 in file "C:\Users\blackrider\Desktop\PIC course\led Switch\switch.c"
   161 ;; Parameters:    Size  Location     Type
   162 ;;		None
   163 ;; Auto vars:     Size  Location     Type
   164 ;;		None
   165 ;; Return value:  Size  Location     Type
   166 ;;		None               void
   167 ;; Registers used:
   168 ;;		wreg
   169 ;; Tracked objects:
   170 ;;		On entry : 17F/0
   171 ;;		On exit  : 0/0
   172 ;;		Unchanged: 0/0
   173 ;; Data sizes:     COMMON   BANK0   BANK1   BANK3   BANK2
   174 ;;      Params:         0       0       0       0       0
   175 ;;      Locals:         0       0       0       0       0
   176 ;;      Temps:          0       0       0       0       0
   177 ;;      Totals:         0       0       0       0       0
   178 ;;Total ram usage:        0 bytes
   179 ;; This function calls:
   180 ;;		Nothing
   181 ;; This function is called by:
   182 ;;		Startup code after reset
   183 ;; This function uses a non-reentrant model
   184 ;;
   185                           psect	maintext
   186                           	file	"C:\Users\blackrider\Desktop\PIC course\led Switch\switch.c"
   187                           	line	3
   188                           	global	__size_of_main
   189  0013                     	__size_of_main	equ	__end_of_main-_main
   190                           	
   191  07ED                     _main:	
   192                           	opt	stack 8
   193                           ; Regs used in _main: [wreg]
   194                           	line	4
   195                           	
   196  07ED                     l933:	
   197                           ;switch.c: 4: TRISB=0x80;
   198  07ED  3080               	movlw	(080h)
   199  07EE  1683               	bsf	status, 5	;RP0=1, select bank1
   200  07EF  1303               	bcf	status, 6	;RP1=0, select bank1
   201  07F0  0086               	movwf	(134)^080h	;volatile
   202  07F1  2FF2               	goto	l935
   203                           	line	5
   204                           ;switch.c: 5: while(1)
   205                           	
   206  07F2                     l559:	
   207                           	line	7
   208                           	
   209  07F2                     l935:	
   210                           ;switch.c: 6: {
   211                           ;switch.c: 7: if(RB7==1)
   212  07F2  1283               	bcf	status, 5	;RP0=0, select bank0
   213  07F3  1F86               	btfss	(55/8),(55)&7
   214  07F4  2FF6               	goto	u11
   215  07F5  2FF7               	goto	u10
   216  07F6                     u11:
   217  07F6  2FF9               	goto	l560
   218  07F7                     u10:
   219                           	line	9
   220                           	
   221  07F7                     l937:	
   222                           ;switch.c: 8: {
   223                           ;switch.c: 9: RB0=1;
   224  07F7  1406               	bsf	(48/8),(48)&7
   225                           	line	10
   226                           ;switch.c: 10: }
   227  07F8  2FF2               	goto	l935
   228                           	line	11
   229                           	
   230  07F9                     l560:	
   231                           ;switch.c: 11: else RB0=0;
   232  07F9  1006               	bcf	(48/8),(48)&7
   233  07FA  2FF2               	goto	l935
   234                           	
   235  07FB                     l561:	
   236  07FB  2FF2               	goto	l935
   237                           	line	12
   238                           	
   239  07FC                     l562:	
   240                           	line	5
   241  07FC  2FF2               	goto	l935
   242                           	
   243  07FD                     l563:	
   244                           	line	13
   245                           	
   246  07FD                     l564:	
   247                           	global	start
   248  07FD  120A  118A  2800   	ljmp	start
   249                           	opt stack 0
   250                           GLOBAL	__end_of_main
   251  0800                     	__end_of_main:
   252 ;; =============== function _main ends ============
   253                           
   254                           	signat	_main,88
   255                           psect	maintext
   256                           	global	btemp
   257  007E                     	btemp set 07Eh
   258                           
   259                           	DABS	1,126,2	;btemp
   260                           	global	wtemp0
   261  007E                     	wtemp0 set btemp


HI-TECH Software PICC Macro Assembler V9.80 build 6738 
Symbol Table                                                                                   Mon Dec 21 02:44:40 2015

                  u10 07F7                    u11 07F6                   l560 07F9                   l561 07FB  
                 l562 07FC                   l563 07FD                   l564 07FD                   l559 07F2  
                 l933 07ED                   l935 07F2                   l937 07F7                   _RB0 0030  
                 _RB7 0037                  _main 07ED                  btemp 007E                  start 0000  
               ?_main 0000                 _TRISB 0086                 status 0003                 wtemp0 007E  
        __end_of_main 0800                ??_main 0000        __pcstackCOMMON 0000            __pmaintext 07ED  
end_of_initialization 07E9   start_initialization 07E9         __size_of_main 0013  
